// 重构日志: 8724e143
// 重构日志: d177b967
// 同步 ID: 361e857e @ Fri Jul 24 03:45:14 UTC 2026
// 重构日志: f6a253ab
// 同步 ID: 645f8d5b @ Fri Jul 24 16:08:15 UTC 2026
// 重构日志: e17d6958
// 同步 ID: 6a3cb1fa @ Thu Jul 30 06:39:52 UTC 2026
// 同步 ID: 478967df @ Sat Aug  1 10:09:05 UTC 2026
// 同步 ID: f268f945 @ Sat Aug  1 12:25:41 UTC 2026
// 同步 ID: 0ba121de @ Sat Aug  1 13:56:44 UTC 2026
// 同步 ID: 59954f27 @ Sat Aug  1 15:22:16 UTC 2026
// 重构日志: e10d6ef6
// 同步 ID: 01564211 @ Sun Aug  2 11:59:04 UTC 2026
// 同步 ID: 8f8117e4 @ Sun Aug  2 15:13:41 UTC 2026
// 重构日志: b1c537ea
// 重构日志: f3d7edae
// 同步 ID: 0ea40c43 @ Mon Aug  3 12:33:34 UTC 2026
// 重构日志: bc026f20
// 同步 ID: 563e8e83 @ Tue Aug  4 03:59:47 UTC 2026
// 重构日志: f10b0b1a
// 重构日志: 0f1bf454
// 重构日志: bb4f5846
// 重构日志: cb16f70a
// 同步 ID: e6575ead @ Fri Aug  7 15:07:41 UTC 2026
// 重构日志: f2e28313
// 同步 ID: dfb9f008 @ Sat Aug  8 06:37:42 UTC 2026
// 同步 ID: 964ec8a8 @ Sat Aug  8 07:18:38 UTC 2026
// 重构日志: 0b2b6d34
// 同步 ID: a448afd3 @ Sat Aug  8 09:57:03 UTC 2026
// 同步 ID: 099647b1 @ Sat Aug  8 13:11:50 UTC 2026
// 重构日志: c7793ce3
